{"items":[{"name":"Apple","done":false,"units":4,"packs":4,"cost":3.96},{"name":"Banana","done":true,"units":2,"packs":1,"cost":2.99}],"menu":"testmenu1","pantry":"testpantry1"}
