[{"product":"Cereal","need":0.2,"have":0,"batch_size":1,"price":1.54},{"product":"Orange Juice","need":990,"have":0,"batch_size":1000,"price":2.99}]
