{"name":"testmenu1","days":[{"name":"monday","meals":[{"name":"breakfast","dishes":[{"recipe_id":1,"name":"Cereal","amount":1},{"recipe_id":2,"name":"OJ","amount":330}]},{"name":"lunch","dishes":[{"recipe_id":3,"name":"Sandwich","amount":2},{"recipe_id":4,"name":"Apple","amount":2}]}]},{"name":"tuesday","meals":[{"name":"breakfast","dishes":[{"recipe_id":1,"name":"Cereal","amount":5}]}]}]}
